---
source: src/report.rs
assertion_line: 941
expression: output
---
  [1;31m1[0m critical  ·  [1;33m1[0m warnings  ·  [32m344[0m healthy

┌─────────────────────────────────────────────────────────────────────────────┐
│  CRITICAL                                                                   │
├─────────────────────────────────────────────────────────────────────────────┤
│[1m openssl 0.10.45                          [0m[1;31m 94[0m ███████████░                   │
│   3 breaking version(s) behind latest (0.10.45 → 3.0.0)                     │
│   last published 2 years ago                                                │
│   relied on by 31 crates in your graph, directly or transitively            │
└─────────────────────────────────────────────────────────────────────────────┘

┌─────────────────────────────────────────────────────────────────────────────┐
│  WARN                                                                       │
├─────────────────────────────────────────────────────────────────────────────┤
│ tokio 1.30.0                             [33m 55[0m ███████░░░░░                   │
│   10 minor version(s) behind latest (1.30.0 → 1.40.0)                       │
│   last published 10 days ago                                                │
│   relied on by 5 crates in your graph, directly or transitively             │
└─────────────────────────────────────────────────────────────────────────────┘

┌─────────────────────────────────────────────────────────────────────────────┐
│  NOTICE                                                                     │
├─────────────────────────────────────────────────────────────────────────────┤
│[1m libc 0.2.180                             [0m 15 ██░░░░░░░░░░                   │
│   9 patch version(s) behind latest (0.2.180 → 0.2.189)                      │
│   last published 20 days ago                                                │
│   relied on by 1 crate in your graph, directly or transitively              │
└─────────────────────────────────────────────────────────────────────────────┘
