---
source: src/report.rs
assertion_line: 954
expression: output
---
  1 critical  ·  1 warnings  ·  344 healthy

┌─────────────────────────────────────────────────────────────────────────────┐
│  CRITICAL                                                                   │
├─────────────────────────────────────────────────────────────────────────────┤
│ openssl 0.10.45                           94 ███████████░                   │
│   3 breaking version(s) behind latest (0.10.45 → 3.0.0)                     │
│   last published 2 years ago                                                │
│   relied on by 31 crates in your graph, directly or transitively            │
└─────────────────────────────────────────────────────────────────────────────┘

┌─────────────────────────────────────────────────────────────────────────────┐
│  WARN                                                                       │
├─────────────────────────────────────────────────────────────────────────────┤
│ tokio 1.30.0                              55 ███████░░░░░                   │
│   10 minor version(s) behind latest (1.30.0 → 1.40.0)                       │
│   last published 10 days ago                                                │
│   relied on by 5 crates in your graph, directly or transitively             │
└─────────────────────────────────────────────────────────────────────────────┘

┌─────────────────────────────────────────────────────────────────────────────┐
│  NOTICE                                                                     │
├─────────────────────────────────────────────────────────────────────────────┤
│ libc 0.2.180                              15 ██░░░░░░░░░░                   │
│   9 patch version(s) behind latest (0.2.180 → 0.2.189)                      │
│   last published 20 days ago                                                │
│   relied on by 1 crate in your graph, directly or transitively              │
└─────────────────────────────────────────────────────────────────────────────┘
